###############################################################################
#
# IAR ELF Linker V8.11.1.13263/W32 for ARM                13/Jul/2017  20:09:11
# Copyright 2007-2017 IAR Systems AB.
#
#    Output file  =  
#        C:\Users\gunho\Desktop\timerPeriodChange\timerPeriodChange\EWARM\timerPeriodChange\Exe\timerPeriodChange.out
#    Map file     =  
#        C:\Users\gunho\Desktop\timerPeriodChange\timerPeriodChange\EWARM\timerPeriodChange\List\timerPeriodChange.map
#    Command line =  
#        -f C:\Users\gunho\AppData\Local\Temp\EW2433.tmp
#        (C:\Users\gunho\Desktop\timerPeriodChange\timerPeriodChange\EWARM\timerPeriodChange\Obj\main.o
#        C:\Users\gunho\Desktop\timerPeriodChange\timerPeriodChange\EWARM\timerPeriodChange\Obj\startup_stm32f407xx.o
#        C:\Users\gunho\Desktop\timerPeriodChange\timerPeriodChange\EWARM\timerPeriodChange\Obj\stm32f4xx_hal.o
#        C:\Users\gunho\Desktop\timerPeriodChange\timerPeriodChange\EWARM\timerPeriodChange\Obj\stm32f4xx_hal_cortex.o
#        C:\Users\gunho\Desktop\timerPeriodChange\timerPeriodChange\EWARM\timerPeriodChange\Obj\stm32f4xx_hal_dma.o
#        C:\Users\gunho\Desktop\timerPeriodChange\timerPeriodChange\EWARM\timerPeriodChange\Obj\stm32f4xx_hal_dma_ex.o
#        C:\Users\gunho\Desktop\timerPeriodChange\timerPeriodChange\EWARM\timerPeriodChange\Obj\stm32f4xx_hal_flash.o
#        C:\Users\gunho\Desktop\timerPeriodChange\timerPeriodChange\EWARM\timerPeriodChange\Obj\stm32f4xx_hal_flash_ex.o
#        C:\Users\gunho\Desktop\timerPeriodChange\timerPeriodChange\EWARM\timerPeriodChange\Obj\stm32f4xx_hal_flash_ramfunc.o
#        C:\Users\gunho\Desktop\timerPeriodChange\timerPeriodChange\EWARM\timerPeriodChange\Obj\stm32f4xx_hal_gpio.o
#        C:\Users\gunho\Desktop\timerPeriodChange\timerPeriodChange\EWARM\timerPeriodChange\Obj\stm32f4xx_hal_msp.o
#        C:\Users\gunho\Desktop\timerPeriodChange\timerPeriodChange\EWARM\timerPeriodChange\Obj\stm32f4xx_hal_pwr.o
#        C:\Users\gunho\Desktop\timerPeriodChange\timerPeriodChange\EWARM\timerPeriodChange\Obj\stm32f4xx_hal_pwr_ex.o
#        C:\Users\gunho\Desktop\timerPeriodChange\timerPeriodChange\EWARM\timerPeriodChange\Obj\stm32f4xx_hal_rcc.o
#        C:\Users\gunho\Desktop\timerPeriodChange\timerPeriodChange\EWARM\timerPeriodChange\Obj\stm32f4xx_hal_rcc_ex.o
#        C:\Users\gunho\Desktop\timerPeriodChange\timerPeriodChange\EWARM\timerPeriodChange\Obj\stm32f4xx_hal_tim.o
#        C:\Users\gunho\Desktop\timerPeriodChange\timerPeriodChange\EWARM\timerPeriodChange\Obj\stm32f4xx_hal_tim_ex.o
#        C:\Users\gunho\Desktop\timerPeriodChange\timerPeriodChange\EWARM\timerPeriodChange\Obj\stm32f4xx_it.o
#        C:\Users\gunho\Desktop\timerPeriodChange\timerPeriodChange\EWARM\timerPeriodChange\Obj\system_stm32f4xx.o
#        --redirect _Printf=_PrintfFull --redirect _Scanf=_ScanfFull -o
#        C:\Users\gunho\Desktop\timerPeriodChange\timerPeriodChange\EWARM\timerPeriodChange\Exe\timerPeriodChange.out
#        --map
#        C:\Users\gunho\Desktop\timerPeriodChange\timerPeriodChange\EWARM\timerPeriodChange\List\timerPeriodChange.map
#        --config
#        C:\Users\gunho\Desktop\timerPeriodChange\timerPeriodChange\EWARM/stm32f407xx_flash.icf
#        --semihosting --entry __iar_program_start --vfe --text_out locale)
#
###############################################################################

*******************************************************************************
*** RUNTIME MODEL ATTRIBUTES
***

CppFlavor       = *
__SystemLibrary = DLib
__dlib_version  = 6


*******************************************************************************
*** HEAP SELECTION
***

The basic heap was selected because no calls to memory allocation
functions were found in the application outside of system library
functions, and there are calls to deallocation functions in the
application.


*******************************************************************************
*** PLACEMENT SUMMARY
***

"A0":  place at 0x08000000 { ro section .intvec };
"P1":  place in [from 0x08000000 to 0x080fffff] { ro };
"P2":  place in [from 0x20000000 to 0x2001ffff] { rw, block CSTACK, block HEAP };
initialize by copy { rw };

  Section            Kind        Address    Size  Object
  -------            ----        -------    ----  ------
"A0":                                      0x188
  .intvec            ro code  0x08000000   0x188  startup_stm32f407xx.o [1]
                            - 0x08000188   0x188

"P1":                                     0x1972
  .text              ro code  0x08000188   0x644  stm32f4xx_hal_tim.o [1]
  .text              ro code  0x080007cc    0xc0  stm32f4xx_hal_msp.o [1]
  .text              ro code  0x0800088c     0x2  stm32f4xx_hal_tim.o [1]
  .text              ro code  0x08000890   0x12e  stm32f4xx_hal_cortex.o [1]
  .text              ro code  0x080009c0   0x240  stm32f4xx_hal_gpio.o [1]
  .text              ro code  0x08000c00   0x4e6  main.o [1]
  .text              ro code  0x080010e8    0x40  stm32f4xx_hal.o [1]
  .text              ro code  0x08001128   0x3bc  stm32f4xx_hal_rcc.o [1]
  .text              ro code  0x080014e4   0x24c  stm32f4xx_hal_rcc.o [1]
  .text              ro code  0x08001730    0x58  stm32f4xx_hal_tim_ex.o [1]
  .text              ro code  0x08001788    0x28  stm32f4xx_hal.o [1]
  .text              ro code  0x080017b0     0xc  stm32f4xx_hal.o [1]
  .text              ro code  0x080017bc    0x6c  system_stm32f4xx.o [1]
  .rodata            const    0x08001828    0x48  main.o [1]
  .text              ro code  0x08001870    0x38  packbits_init_single.o [5]
  .text              ro code  0x080018a8    0x28  data_init.o [5]
  .text              ro code  0x080018d0    0x22  fpinit_M.o [4]
  .iar.init_table    const    0x080018f4    0x10  - Linker created -
  .text              ro code  0x08001904    0x1a  cmain.o [5]
  .text              ro code  0x0800191e     0x4  low_level_init.o [3]
  .text              ro code  0x08001922     0x4  exit.o [3]
  .text              ro code  0x08001928     0xa  cexit.o [5]
  .text              ro code  0x08001934    0x14  exit.o [6]
  .rodata            const    0x08001948    0x10  system_stm32f4xx.o [1]
  .text              ro code  0x08001958    0x10  startup_stm32f407xx.o [1]
  .text              ro code  0x08001968    0x10  stm32f4xx_hal.o [1]
  .text              ro code  0x08001978     0xc  stm32f4xx_it.o [1]
  .text              ro code  0x08001984     0xc  cstartup_M.o [5]
  .text              ro code  0x08001990     0x4  startup_stm32f407xx.o [1]
  .text              ro code  0x08001994     0x4  startup_stm32f407xx.o [1]
  .text              ro code  0x08001998     0x4  startup_stm32f407xx.o [1]
  .text              ro code  0x0800199c     0x4  startup_stm32f407xx.o [1]
  .text              ro code  0x080019a0     0x4  startup_stm32f407xx.o [1]
  .text              ro code  0x080019a4     0x4  startup_stm32f407xx.o [1]
  .text              ro code  0x080019a8     0x4  startup_stm32f407xx.o [1]
  .text              ro code  0x080019ac     0x4  startup_stm32f407xx.o [1]
  .text              ro code  0x080019b0     0x4  startup_stm32f407xx.o [1]
  .text              ro code  0x080019b4     0x4  startup_stm32f407xx.o [1]
  .text              ro code  0x080019b8     0x4  startup_stm32f407xx.o [1]
  .text              ro code  0x080019bc     0x4  startup_stm32f407xx.o [1]
  .text              ro code  0x080019c0     0x4  startup_stm32f407xx.o [1]
  .text              ro code  0x080019c4     0x4  startup_stm32f407xx.o [1]
  .text              ro code  0x080019c8     0x4  startup_stm32f407xx.o [1]
  .text              ro code  0x080019cc     0x4  startup_stm32f407xx.o [1]
  .text              ro code  0x080019d0     0x4  startup_stm32f407xx.o [1]
  .text              ro code  0x080019d4     0x4  startup_stm32f407xx.o [1]
  .text              ro code  0x080019d8     0x4  startup_stm32f407xx.o [1]
  .text              ro code  0x080019dc     0x4  startup_stm32f407xx.o [1]
  .text              ro code  0x080019e0     0x4  startup_stm32f407xx.o [1]
  .text              ro code  0x080019e4     0x4  startup_stm32f407xx.o [1]
  .text              ro code  0x080019e8     0x4  startup_stm32f407xx.o [1]
  .text              ro code  0x080019ec     0x4  startup_stm32f407xx.o [1]
  .text              ro code  0x080019f0     0x4  startup_stm32f407xx.o [1]
  .text              ro code  0x080019f4     0x4  startup_stm32f407xx.o [1]
  .text              ro code  0x080019f8     0x4  startup_stm32f407xx.o [1]
  .text              ro code  0x080019fc     0x4  startup_stm32f407xx.o [1]
  .text              ro code  0x08001a00     0x4  startup_stm32f407xx.o [1]
  .text              ro code  0x08001a04     0x4  startup_stm32f407xx.o [1]
  .text              ro code  0x08001a08     0x4  startup_stm32f407xx.o [1]
  .text              ro code  0x08001a0c     0x4  startup_stm32f407xx.o [1]
  .text              ro code  0x08001a10     0x4  startup_stm32f407xx.o [1]
  .text              ro code  0x08001a14     0x4  startup_stm32f407xx.o [1]
  .text              ro code  0x08001a18     0x4  startup_stm32f407xx.o [1]
  .text              ro code  0x08001a1c     0x4  startup_stm32f407xx.o [1]
  .text              ro code  0x08001a20     0x4  startup_stm32f407xx.o [1]
  .text              ro code  0x08001a24     0x4  startup_stm32f407xx.o [1]
  .text              ro code  0x08001a28     0x4  startup_stm32f407xx.o [1]
  .text              ro code  0x08001a2c     0x4  startup_stm32f407xx.o [1]
  .text              ro code  0x08001a30     0x4  startup_stm32f407xx.o [1]
  .text              ro code  0x08001a34     0x4  startup_stm32f407xx.o [1]
  .text              ro code  0x08001a38     0x4  startup_stm32f407xx.o [1]
  .text              ro code  0x08001a3c     0x4  startup_stm32f407xx.o [1]
  .text              ro code  0x08001a40     0x4  startup_stm32f407xx.o [1]
  .text              ro code  0x08001a44     0x4  startup_stm32f407xx.o [1]
  .text              ro code  0x08001a48     0x4  startup_stm32f407xx.o [1]
  .text              ro code  0x08001a4c     0x4  startup_stm32f407xx.o [1]
  .text              ro code  0x08001a50     0x4  startup_stm32f407xx.o [1]
  .text              ro code  0x08001a54     0x4  startup_stm32f407xx.o [1]
  .text              ro code  0x08001a58     0x4  startup_stm32f407xx.o [1]
  .text              ro code  0x08001a5c     0x4  startup_stm32f407xx.o [1]
  .text              ro code  0x08001a60     0x4  startup_stm32f407xx.o [1]
  .text              ro code  0x08001a64     0x4  startup_stm32f407xx.o [1]
  .text              ro code  0x08001a68     0x4  startup_stm32f407xx.o [1]
  .text              ro code  0x08001a6c     0x4  startup_stm32f407xx.o [1]
  .text              ro code  0x08001a70     0x4  startup_stm32f407xx.o [1]
  .text              ro code  0x08001a74     0x4  startup_stm32f407xx.o [1]
  .text              ro code  0x08001a78     0x4  startup_stm32f407xx.o [1]
  .text              ro code  0x08001a7c     0x4  startup_stm32f407xx.o [1]
  .text              ro code  0x08001a80     0x4  startup_stm32f407xx.o [1]
  .text              ro code  0x08001a84     0x4  startup_stm32f407xx.o [1]
  .text              ro code  0x08001a88     0x4  startup_stm32f407xx.o [1]
  .text              ro code  0x08001a8c     0x4  startup_stm32f407xx.o [1]
  .text              ro code  0x08001a90     0x4  startup_stm32f407xx.o [1]
  .text              ro code  0x08001a94     0x4  startup_stm32f407xx.o [1]
  .text              ro code  0x08001a98     0x4  startup_stm32f407xx.o [1]
  .text              ro code  0x08001a9c     0x4  startup_stm32f407xx.o [1]
  .text              ro code  0x08001aa0     0x4  startup_stm32f407xx.o [1]
  .text              ro code  0x08001aa4     0x4  startup_stm32f407xx.o [1]
  .text              ro code  0x08001aa8     0x4  startup_stm32f407xx.o [1]
  .text              ro code  0x08001aac     0x4  startup_stm32f407xx.o [1]
  .text              ro code  0x08001ab0     0x4  startup_stm32f407xx.o [1]
  .text              ro code  0x08001ab4     0x4  startup_stm32f407xx.o [1]
  .text              ro code  0x08001ab8     0x4  startup_stm32f407xx.o [1]
  .text              ro code  0x08001abc     0x4  startup_stm32f407xx.o [1]
  .text              ro code  0x08001ac0     0x4  startup_stm32f407xx.o [1]
  .text              ro code  0x08001ac4     0x4  startup_stm32f407xx.o [1]
  .text              ro code  0x08001ac8     0x4  startup_stm32f407xx.o [1]
  .text              ro code  0x08001acc     0x4  startup_stm32f407xx.o [1]
  .text              ro code  0x08001ad0     0x4  startup_stm32f407xx.o [1]
  .text              ro code  0x08001ad4     0x4  startup_stm32f407xx.o [1]
  .text              ro code  0x08001ad8     0x4  startup_stm32f407xx.o [1]
  .text              ro code  0x08001adc     0x4  startup_stm32f407xx.o [1]
  .text              ro code  0x08001ae0     0x4  startup_stm32f407xx.o [1]
  .text              ro code  0x08001ae4     0x4  startup_stm32f407xx.o [1]
  .text              ro code  0x08001ae8     0x4  startup_stm32f407xx.o [1]
  .text              ro code  0x08001aec     0x4  startup_stm32f407xx.o [1]
  .text              ro code  0x08001af0     0x4  startup_stm32f407xx.o [1]
  .rodata            const    0x08001af4     0x0  packbits_init_single.o [5]
  Initializer bytes  const    0x08001af4     0x6  <for P2-1>
                            - 0x08001afa  0x1972

"P2", part 1 of 2:                          0x48
  P2-1                        0x20000000    0x48  <Init block>
    .data            inited   0x20000000     0x4  system_stm32f4xx.o [1]
    .bss             inited   0x20000004    0x3c  main.o [1]
    .bss             inited   0x20000040     0x4  main.o [1]
    .bss             inited   0x20000044     0x4  stm32f4xx_hal.o [1]
                            - 0x20000048    0x48

"P2", part 2 of 2:                         0x400
  CSTACK                      0x20000048   0x400  <Block>
    CSTACK           uninit   0x20000048   0x400  <Block tail>
                            - 0x20000448   0x400


*******************************************************************************
*** INIT TABLE
***

          Address     Size
          -------     ----
Copy/packbits (__iar_packbits_init_single3)
    1 source range, total size 0x6 (8% of destination):
          0x08001af4   0x6
    1 destination range, total size 0x48:
          0x20000000  0x48



*******************************************************************************
*** MODULE SUMMARY
***

    Module                  ro code  ro data  rw data
    ------                  -------  -------  -------
C:\Users\gunho\Desktop\timerPeriodChange\timerPeriodChange\EWARM\timerPeriodChange\Obj: [1]
    main.o                    1 254       77       64
    startup_stm32f407xx.o       764
    stm32f4xx_hal.o             132        1        4
    stm32f4xx_hal_cortex.o      302
    stm32f4xx_hal_gpio.o        576
    stm32f4xx_hal_msp.o         192
    stm32f4xx_hal_rcc.o       1 544
    stm32f4xx_hal_tim.o       1 606
    stm32f4xx_hal_tim_ex.o       88
    stm32f4xx_it.o               12
    system_stm32f4xx.o          108       16        4
    -------------------------------------------------
    Total:                    6 578       94       72

command line: [2]
    -------------------------------------------------
    Total:

dl7M_tlf.a: [3]
    exit.o                        4
    low_level_init.o              4
    -------------------------------------------------
    Total:                        8

m7M_tls.a: [4]
    fpinit_M.o                   34
    -------------------------------------------------
    Total:                       34

rt7M_tl.a: [5]
    cexit.o                      10
    cmain.o                      26
    cstartup_M.o                 12
    data_init.o                  40
    packbits_init_single.o       56
    -------------------------------------------------
    Total:                      144

shb_l.a: [6]
    exit.o                       20
    -------------------------------------------------
    Total:                       20

    Gaps                         10        2
    Linker created                        16    1 024
-----------------------------------------------------
    Grand Total:              6 794      112    1 096


*******************************************************************************
*** ENTRY LIST
***

Entry                      Address   Size  Type      Object
-----                      -------   ----  ----      ------
.iar.init_table$$Base   0x080018f4          --   Gb  - Linker created -
.iar.init_table$$Limit  0x08001904          --   Gb  - Linker created -
?main                   0x08001905         Code  Gb  cmain.o [5]
AHBPrescTable           0x08001948   0x10  Data  Gb  system_stm32f4xx.o [1]
CSTACK$$Base            0x20000048          --   Gb  - Linker created -
CSTACK$$Limit           0x20000448          --   Gb  - Linker created -
HAL_GPIO_Init           0x080009c1  0x1e8  Code  Gb  stm32f4xx_hal_gpio.o [1]
HAL_GPIO_TogglePin      0x08000bbd    0xa  Code  Gb  stm32f4xx_hal_gpio.o [1]
HAL_GPIO_WritePin       0x08000ba9   0x14  Code  Gb  stm32f4xx_hal_gpio.o [1]
HAL_GetTick             0x080017b1    0xc  Code  Wk  stm32f4xx_hal.o [1]
HAL_IncTick             0x08001969   0x10  Code  Wk  stm32f4xx_hal.o [1]
HAL_Init                0x080010e9   0x3a  Code  Gb  stm32f4xx_hal.o [1]
HAL_InitTick            0x08001789   0x28  Code  Wk  stm32f4xx_hal.o [1]
HAL_MspInit             0x080007cd   0x5e  Code  Gb  stm32f4xx_hal_msp.o [1]
HAL_NVIC_SetPriority    0x0800094d   0x22  Code  Gb  stm32f4xx_hal_cortex.o [1]
HAL_NVIC_SetPriorityGrouping
                        0x08000945    0x8  Code  Gb  stm32f4xx_hal_cortex.o [1]
HAL_RCC_ClockConfig     0x080014e5  0x190  Code  Gb  stm32f4xx_hal_rcc.o [1]
HAL_RCC_GetHCLKFreq     0x08001675    0x6  Code  Gb  stm32f4xx_hal_rcc.o [1]
HAL_RCC_OscConfig       0x08001129  0x3bc  Code  Wk  stm32f4xx_hal_rcc.o [1]
HAL_SYSTICK_CLKSourceConfig
                        0x08000977   0x20  Code  Gb  stm32f4xx_hal_cortex.o [1]
HAL_SYSTICK_Config      0x0800096f    0x8  Code  Gb  stm32f4xx_hal_cortex.o [1]
HAL_SYSTICK_IRQHandler  0x080009b5    0x8  Code  Gb  stm32f4xx_hal_cortex.o [1]
HAL_TIMEx_MasterConfigSynchronization
                        0x08001731   0x58  Code  Gb  stm32f4xx_hal_tim_ex.o [1]
HAL_TIM_Base_Init       0x08000189   0x38  Code  Gb  stm32f4xx_hal_tim.o [1]
HAL_TIM_Base_MspInit    0x0800082b   0x2a  Code  Gb  stm32f4xx_hal_msp.o [1]
HAL_TIM_ConfigClockSource
                        0x08000345  0x118  Code  Gb  stm32f4xx_hal_tim.o [1]
HAL_TIM_MspPostInit     0x08000855   0x2c  Code  Gb  stm32f4xx_hal_msp.o [1]
HAL_TIM_PWM_ConfigChannel
                        0x08000249   0xfc  Code  Gb  stm32f4xx_hal_tim.o [1]
HAL_TIM_PWM_Init        0x080001c1   0x38  Code  Gb  stm32f4xx_hal_tim.o [1]
HAL_TIM_PWM_Start       0x080001f9   0x48  Code  Gb  stm32f4xx_hal_tim.o [1]
MX_GPIO_Init            0x08000e5f  0x24c  Code  Lc  main.o [1]
MX_TIM3_Init            0x08000db1   0xae  Code  Lc  main.o [1]
NVIC_EncodePriority     0x080008d9   0x3e  Code  Lc  stm32f4xx_hal_cortex.o [1]
NVIC_GetPriorityGrouping
                        0x080008ad    0xa  Code  Lc  stm32f4xx_hal_cortex.o [1]
NVIC_SetPriority        0x080008b7   0x22  Code  Lc  stm32f4xx_hal_cortex.o [1]
NVIC_SetPriorityGrouping
                        0x08000891   0x1c  Code  Lc  stm32f4xx_hal_cortex.o [1]
Region$$Table$$Base     0x080018f4          --   Gb  - Linker created -
Region$$Table$$Limit    0x08001904          --   Gb  - Linker created -
SysTick_Config          0x08000917   0x2e  Code  Lc  stm32f4xx_hal_cortex.o [1]
SysTick_Handler         0x08001979    0xc  Code  Gb  stm32f4xx_it.o [1]
SystemClock_Config      0x08000ce1   0xd0  Code  Gb  main.o [1]
SystemCoreClock         0x20000000    0x4  Data  Gb  system_stm32f4xx.o [1]
SystemInit              0x080017bd   0x4c  Code  Gb  system_stm32f4xx.o [1]
TIM_Base_SetConfig      0x0800045d   0xe8  Code  Gb  stm32f4xx_hal_tim.o [1]
TIM_CCxChannelCmd       0x080005bd   0x1e  Code  Gb  stm32f4xx_hal_tim.o [1]
TIM_ETR_SetConfig       0x080007b3   0x1a  Code  Lc  stm32f4xx_hal_tim.o [1]
TIM_ITRx_SetConfig      0x0800079d   0x16  Code  Lc  stm32f4xx_hal_tim.o [1]
TIM_OC1_SetConfig       0x080005dd   0x6c  Code  Lc  stm32f4xx_hal_tim.o [1]
TIM_OC2_SetConfig       0x08000545   0x76  Code  Gb  stm32f4xx_hal_tim.o [1]
TIM_OC3_SetConfig       0x08000649   0x74  Code  Lc  stm32f4xx_hal_tim.o [1]
TIM_OC4_SetConfig       0x080006bd   0x5e  Code  Lc  stm32f4xx_hal_tim.o [1]
TIM_TI1_ConfigInputStage
                        0x08000749   0x2a  Code  Lc  stm32f4xx_hal_tim.o [1]
TIM_TI2_ConfigInputStage
                        0x08000773   0x2a  Code  Lc  stm32f4xx_hal_tim.o [1]
_Error_Handler          0x080010e5    0x2  Code  Gb  main.o [1]
__cmain                 0x08001905         Code  Gb  cmain.o [5]
__exit                  0x08001935   0x14  Code  Gb  exit.o [6]
__iar_data_init3        0x080018a9   0x28  Code  Gb  data_init.o [5]
__iar_init_vfp          0x080018d1         Code  Gb  fpinit_M.o [4]
__iar_packbits_init_single3
                        0x08001871   0x38  Code  Gb  packbits_init_single.o [5]
__iar_program_start     0x08001985         Code  Gb  cstartup_M.o [5]
__iar_systems$$module {Abs}
                        0x00000001         Data  Gb  command line/config [2]
__low_level_init        0x0800191f    0x4  Code  Gb  low_level_init.o [3]
__vector_table          0x08000000         Data  Gb  startup_stm32f407xx.o [1]
_call_main              0x08001911         Code  Gb  cmain.o [5]
_exit                   0x08001929         Code  Gb  cexit.o [5]
_main                   0x0800191b         Code  Gb  cmain.o [5]
exit                    0x08001923    0x4  Code  Gb  exit.o [3]
htim3                   0x20000004   0x3c  Data  Gb  main.o [1]
i                       0x20000040    0x4  Data  Gb  main.o [1]
main                    0x08000c01   0xe0  Code  Gb  main.o [1]
uwTick                  0x20000044    0x4  Data  Gb  stm32f4xx_hal.o [1]


[1] = C:\Users\gunho\Desktop\timerPeriodChange\timerPeriodChange\EWARM\timerPeriodChange\Obj
[2] = command line
[3] = dl7M_tlf.a
[4] = m7M_tls.a
[5] = rt7M_tl.a
[6] = shb_l.a

  6 794 bytes of readonly  code memory
    112 bytes of readonly  data memory
  1 096 bytes of readwrite data memory

Errors: none
Warnings: none
